warning: Git tree '/home/cameron/.nixos' is dirty
building the system configuration...
warning: Git tree '/home/cameron/.nixos' is dirty
evaluation warning: `programs.zsh.initExtraFirst` is deprecated, use `programs.zsh.initContent` with `lib.mkBefore` instead.

                    Example: programs.zsh.initContent = lib.mkBefore "your content here";
evaluation warning: `programs.zsh.initExtra` is deprecated, use `programs.zsh.initContent` instead.

                    Example: programs.zsh.initContent = "your content here";
evaluation warning: cameron profile: You are using

                      Home Manager version 25.11 and
                      Nixpkgs version 25.05.

                    Using mismatched versions is likely to cause errors and unexpected
                    behavior. It is therefore highly recommended to use a release of Home
                    Manager that corresponds with your chosen release of Nixpkgs.

                    If you insist then you can disable this warning by adding

                      home.enableNixpkgsReleaseCheck = false;

                    to your configuration.
evaluation warning: The option `hardware.pulseaudio' defined in `/nix/store/jih45d0k726rcbilqpkzisd4092x8ax0-source/pkgs/serv-pkgs.nix' has been renamed to `services.pulseaudio'.
these 8 derivations will be built:
  /nix/store/dgcjp38bni5pay1ss7j0vhvmwa58gaxy-neovim-0.11.4.drv
  /nix/store/lcr1wcg3ncqk6a2jkripkq8x8sq8pp4p-home-manager-path.drv
  /nix/store/ylivi15fhbh8a5z9dz80y51rlmfpnnww-activation-script.drv
  /nix/store/qxwi6sjp7xz77b80lhhgwd54g3cya3l7-home-manager-generation.drv
  /nix/store/jrcln51kq4s6sfc3h7c6ik92dqvw0lw1-unit-home-manager-cameron.service.drv
  /nix/store/9b7h27dg34wwna028fapivz1gijrsr78-system-units.drv
  /nix/store/iwgpfrsfw4d0i1rn4jlvai8k994a1nsm-etc.drv
  /nix/store/l7krazd2j9kcixb9fv6zh468kxwl6zl7-nixos-system-targaryen-25.05.20251026.78e34d1.drv
these 4 paths will be fetched (15.58 MiB download, 104.22 MiB unpacked):
  /nix/store/1qar0d8dcbzz6s4s4yjkb4i04wzzlrw7-lua-language-server-3.14.0
  /nix/store/2hbibd0ndh4zxvln2afich5x8nlbz31f-rust-analyzer-2025-05-12
  /nix/store/g0qaj507cbqin6mkxp3ah84zgd63pqp8-rust-analyzer-unwrapped-2025-05-12
  /nix/store/7plgq5bqs22yk7b6pvcfzv0xzl3xwnay-rust-lib-src
copying path '/nix/store/7plgq5bqs22yk7b6pvcfzv0xzl3xwnay-rust-lib-src' from 'https://cache.nixos.org'...
copying path '/nix/store/1qar0d8dcbzz6s4s4yjkb4i04wzzlrw7-lua-language-server-3.14.0' from 'https://cache.nixos.org'...
copying path '/nix/store/g0qaj507cbqin6mkxp3ah84zgd63pqp8-rust-analyzer-unwrapped-2025-05-12' from 'https://cache.nixos.org'...
copying path '/nix/store/2hbibd0ndh4zxvln2afich5x8nlbz31f-rust-analyzer-2025-05-12' from 'https://cache.nixos.org'...
building '/nix/store/dgcjp38bni5pay1ss7j0vhvmwa58gaxy-neovim-0.11.4.drv'...
building '/nix/store/lcr1wcg3ncqk6a2jkripkq8x8sq8pp4p-home-manager-path.drv'...
building '/nix/store/ylivi15fhbh8a5z9dz80y51rlmfpnnww-activation-script.drv'...
building '/nix/store/qxwi6sjp7xz77b80lhhgwd54g3cya3l7-home-manager-generation.drv'...
building '/nix/store/jrcln51kq4s6sfc3h7c6ik92dqvw0lw1-unit-home-manager-cameron.service.drv'...
building '/nix/store/9b7h27dg34wwna028fapivz1gijrsr78-system-units.drv'...
building '/nix/store/iwgpfrsfw4d0i1rn4jlvai8k994a1nsm-etc.drv'...
building '/nix/store/l7krazd2j9kcixb9fv6zh468kxwl6zl7-nixos-system-targaryen-25.05.20251026.78e34d1.drv'...
activating the configuration...
setting up /etc...
reloading user units for cameron...
restarting sysinit-reactivation.target
the following new units were started: NetworkManager-dispatcher.service
Done. The new configuration is /nix/store/1872znzwfpd8gvzghpwfq459gwzaips7-nixos-system-targaryen-25.05.20251026.78e34d1
